run 001: PASS - serial capture finished; semantic comparison required for PASS
run 002: PASS - serial capture finished; semantic comparison required for PASS
run 003: PASS - serial capture finished; semantic comparison required for PASS
run 004: PASS - serial capture finished; semantic comparison required for PASS
run 005: PASS - serial capture finished; semantic comparison required for PASS
run 006: PASS - serial capture finished; semantic comparison required for PASS
run 007: PASS - serial capture finished; semantic comparison required for PASS
run 008: PASS - serial capture finished; semantic comparison required for PASS
run 009: PASS - serial capture finished; semantic comparison required for PASS
run 010: PASS - serial capture finished; semantic comparison required for PASS
run 011: PASS - serial capture finished; semantic comparison required for PASS
run 012: PASS - serial capture finished; semantic comparison required for PASS
run 013: PASS - serial capture finished; semantic comparison required for PASS
run 014: PASS - serial capture finished; semantic comparison required for PASS
run 015: PASS - serial capture finished; semantic comparison required for PASS
run 016: PASS - serial capture finished; semantic comparison required for PASS
run 017: PASS - serial capture finished; semantic comparison required for PASS
run 018: PASS - serial capture finished; semantic comparison required for PASS
run 019: PASS - serial capture finished; semantic comparison required for PASS
run 020: PASS - serial capture finished; semantic comparison required for PASS
run 021: PASS - serial capture finished; semantic comparison required for PASS
run 022: PASS - serial capture finished; semantic comparison required for PASS
run 023: PASS - serial capture finished; semantic comparison required for PASS
run 024: PASS - serial capture finished; semantic comparison required for PASS
run 025: PASS - serial capture finished; semantic comparison required for PASS
run 026: PASS - serial capture finished; semantic comparison required for PASS
run 027: PASS - serial capture finished; semantic comparison required for PASS
run 028: PASS - serial capture finished; semantic comparison required for PASS
run 029: PASS - serial capture finished; semantic comparison required for PASS
run 030: PASS - serial capture finished; semantic comparison required for PASS
run 031: PASS - serial capture finished; semantic comparison required for PASS
run 032: PASS - serial capture finished; semantic comparison required for PASS
run 033: PASS - serial capture finished; semantic comparison required for PASS
run 034: PASS - serial capture finished; semantic comparison required for PASS
run 035: PASS - serial capture finished; semantic comparison required for PASS
run 036: PASS - serial capture finished; semantic comparison required for PASS
run 037: PASS - serial capture finished; semantic comparison required for PASS
run 038: PASS - serial capture finished; semantic comparison required for PASS
run 039: PASS - serial capture finished; semantic comparison required for PASS
run 040: PASS - serial capture finished; semantic comparison required for PASS
run 041: PASS - serial capture finished; semantic comparison required for PASS
run 042: PASS - serial capture finished; semantic comparison required for PASS
run 043: PASS - serial capture finished; semantic comparison required for PASS
run 044: PASS - serial capture finished; semantic comparison required for PASS
run 045: PASS - serial capture finished; semantic comparison required for PASS
run 046: PASS - serial capture finished; semantic comparison required for PASS
run 047: PASS - serial capture finished; semantic comparison required for PASS
run 048: PASS - serial capture finished; semantic comparison required for PASS
run 049: PASS - serial capture finished; semantic comparison required for PASS
run 050: PASS - serial capture finished; semantic comparison required for PASS
run 051: PASS - serial capture finished; semantic comparison required for PASS
run 052: PASS - serial capture finished; semantic comparison required for PASS
run 053: PASS - serial capture finished; semantic comparison required for PASS
run 054: PASS - serial capture finished; semantic comparison required for PASS
run 055: PASS - serial capture finished; semantic comparison required for PASS
run 056: PASS - serial capture finished; semantic comparison required for PASS
run 057: PASS - serial capture finished; semantic comparison required for PASS
run 058: PASS - serial capture finished; semantic comparison required for PASS
run 059: PASS - serial capture finished; semantic comparison required for PASS
run 060: PASS - serial capture finished; semantic comparison required for PASS
run 061: PASS - serial capture finished; semantic comparison required for PASS
run 062: PASS - serial capture finished; semantic comparison required for PASS
run 063: PASS - serial capture finished; semantic comparison required for PASS
run 064: PASS - serial capture finished; semantic comparison required for PASS
run 065: PASS - serial capture finished; semantic comparison required for PASS
run 066: PASS - serial capture finished; semantic comparison required for PASS
run 067: PASS - serial capture finished; semantic comparison required for PASS
run 068: PASS - serial capture finished; semantic comparison required for PASS
run 069: PASS - serial capture finished; semantic comparison required for PASS
run 070: PASS - serial capture finished; semantic comparison required for PASS
run 071: PASS - serial capture finished; semantic comparison required for PASS
run 072: PASS - serial capture finished; semantic comparison required for PASS
run 073: PASS - serial capture finished; semantic comparison required for PASS
run 074: PASS - serial capture finished; semantic comparison required for PASS
run 075: PASS - serial capture finished; semantic comparison required for PASS
run 076: PASS - serial capture finished; semantic comparison required for PASS
run 077: PASS - serial capture finished; semantic comparison required for PASS
run 078: PASS - serial capture finished; semantic comparison required for PASS
run 079: PASS - serial capture finished; semantic comparison required for PASS
run 080: PASS - serial capture finished; semantic comparison required for PASS
run 081: PASS - serial capture finished; semantic comparison required for PASS
run 082: PASS - serial capture finished; semantic comparison required for PASS
run 083: PASS - serial capture finished; semantic comparison required for PASS
run 084: PASS - serial capture finished; semantic comparison required for PASS
run 085: PASS - serial capture finished; semantic comparison required for PASS
run 086: PASS - serial capture finished; semantic comparison required for PASS
run 087: PASS - serial capture finished; semantic comparison required for PASS
run 088: PASS - serial capture finished; semantic comparison required for PASS
run 089: PASS - serial capture finished; semantic comparison required for PASS
run 090: PASS - serial capture finished; semantic comparison required for PASS
run 091: PASS - serial capture finished; semantic comparison required for PASS
run 092: PASS - serial capture finished; semantic comparison required for PASS
run 093: PASS - serial capture finished; semantic comparison required for PASS
run 094: PASS - serial capture finished; semantic comparison required for PASS
run 095: PASS - serial capture finished; semantic comparison required for PASS
run 096: PASS - serial capture finished; semantic comparison required for PASS
run 097: PASS - serial capture finished; semantic comparison required for PASS
run 098: PASS - serial capture finished; semantic comparison required for PASS
run 099: PASS - serial capture finished; semantic comparison required for PASS
run 100: PASS - serial capture finished; semantic comparison required for PASS
{
  "status": "complete",
  "runs_passed": 100,
  "runs_attempted": 100,
  "target_runs": 100,
  "next_run": 101
}
