H8-edge split-eoi KVM run 001 capture_rc=0 compare_rc=0 serial_sha256=c990d8ee311e5f6d
H8-edge split-eoi KVM run 002 capture_rc=0 compare_rc=0 serial_sha256=c990d8ee311e5f6d
H8-edge split-eoi KVM run 003 capture_rc=0 compare_rc=0 serial_sha256=c990d8ee311e5f6d
H8-edge split-eoi KVM run 004 capture_rc=0 compare_rc=0 serial_sha256=c990d8ee311e5f6d
H8-edge split-eoi KVM run 005 capture_rc=0 compare_rc=0 serial_sha256=c990d8ee311e5f6d
H8-edge split-eoi KVM run 006 capture_rc=0 compare_rc=0 serial_sha256=c990d8ee311e5f6d
H8-edge split-eoi KVM run 007 capture_rc=0 compare_rc=0 serial_sha256=c990d8ee311e5f6d
H8-edge split-eoi KVM run 008 capture_rc=0 compare_rc=0 serial_sha256=c990d8ee311e5f6d
H8-edge split-eoi KVM run 009 capture_rc=0 compare_rc=0 serial_sha256=c990d8ee311e5f6d
H8-edge split-eoi KVM run 010 capture_rc=0 compare_rc=0 serial_sha256=c990d8ee311e5f6d
H8-edge split-eoi KVM run 011 capture_rc=0 compare_rc=0 serial_sha256=c990d8ee311e5f6d
H8-edge split-eoi KVM run 012 capture_rc=0 compare_rc=0 serial_sha256=c990d8ee311e5f6d
H8-edge split-eoi KVM run 013 capture_rc=0 compare_rc=0 serial_sha256=c990d8ee311e5f6d
H8-edge split-eoi KVM run 014 capture_rc=0 compare_rc=0 serial_sha256=c990d8ee311e5f6d
H8-edge split-eoi KVM run 015 capture_rc=0 compare_rc=0 serial_sha256=c990d8ee311e5f6d
H8-edge split-eoi KVM run 016 capture_rc=0 compare_rc=0 serial_sha256=c990d8ee311e5f6d
H8-edge split-eoi KVM run 017 capture_rc=0 compare_rc=0 serial_sha256=c990d8ee311e5f6d
H8-edge split-eoi KVM run 018 capture_rc=0 compare_rc=0 serial_sha256=c990d8ee311e5f6d
H8-edge split-eoi KVM run 019 capture_rc=0 compare_rc=0 serial_sha256=c990d8ee311e5f6d
H8-edge split-eoi KVM run 020 capture_rc=0 compare_rc=0 serial_sha256=c990d8ee311e5f6d
--- split-eoi run-001 serial
[gicv2-lab] H8a begin
GuestCurrentEL=0x0000000000000001
GuestDAIF=0x00000000000003c0
GuestSCTLR_MCI=0x0000000000000000
GICD_TYPER=0x0000000000000001
GuestGICC_CTLR=0x0000000000000201
GuestGICC_PMR=0x00000000000000f8
GuestGICC_BPR=0x0000000000000002
GuestIAR_initial=0x00000000000003ff
GuestRPR_initial=0x00000000000000ff
GuestPending_initial=0x0000000000000000
GuestActive_initial=0x0000000000000000
[gicv2-lab] H8a interface ready
GuestPending_before_iar=0x0000000000000400
GuestHPPIR_pending=0x000000000000002a
[gicv2-lab] H8a pending
GuestIAR_active=0x000000000000002a
GuestRPR_active=0x0000000000000040
GuestActive_after_iar=0x0000000000000400
GuestPending_after_iar=0x0000000000000000
[gicv2-lab] H8a active
GuestRPR_after_eoir=0x00000000000000ff
GuestActive_after_eoir=0x0000000000000400
GuestPending_after_eoir=0x0000000000000000
GuestIAR_before_dir=0x00000000000003ff
[gicv2-lab] H8a priority dropped
GuestActive_after_dir=0x0000000000000000
[gicv2-lab] H8a deactivated
GuestRPR_final=0x00000000000000ff
GuestActive_final=0x0000000000000000
GuestPending_final=0x0000000000000000
GuestHPPIR_final=0x00000000000003ff
GuestIAR_final=0x00000000000003ff
[gicv2-lab] H8a PASS
H8-edge priority KVM run 001 capture_rc=0 compare_rc=0 serial_sha256=3c8d3c6cfa539379
H8-edge priority KVM run 002 capture_rc=0 compare_rc=0 serial_sha256=3c8d3c6cfa539379
H8-edge priority KVM run 003 capture_rc=0 compare_rc=0 serial_sha256=3c8d3c6cfa539379
H8-edge priority KVM run 004 capture_rc=0 compare_rc=0 serial_sha256=3c8d3c6cfa539379
H8-edge priority KVM run 005 capture_rc=0 compare_rc=0 serial_sha256=3c8d3c6cfa539379
H8-edge priority KVM run 006 capture_rc=0 compare_rc=0 serial_sha256=3c8d3c6cfa539379
H8-edge priority KVM run 007 capture_rc=0 compare_rc=0 serial_sha256=3c8d3c6cfa539379
H8-edge priority KVM run 008 capture_rc=0 compare_rc=0 serial_sha256=3c8d3c6cfa539379
H8-edge priority KVM run 009 capture_rc=0 compare_rc=0 serial_sha256=3c8d3c6cfa539379
H8-edge priority KVM run 010 capture_rc=0 compare_rc=0 serial_sha256=3c8d3c6cfa539379
H8-edge priority KVM run 011 capture_rc=0 compare_rc=0 serial_sha256=3c8d3c6cfa539379
H8-edge priority KVM run 012 capture_rc=0 compare_rc=0 serial_sha256=3c8d3c6cfa539379
H8-edge priority KVM run 013 capture_rc=0 compare_rc=0 serial_sha256=3c8d3c6cfa539379
H8-edge priority KVM run 014 capture_rc=0 compare_rc=0 serial_sha256=3c8d3c6cfa539379
H8-edge priority KVM run 015 capture_rc=0 compare_rc=0 serial_sha256=3c8d3c6cfa539379
H8-edge priority KVM run 016 capture_rc=0 compare_rc=0 serial_sha256=3c8d3c6cfa539379
H8-edge priority KVM run 017 capture_rc=0 compare_rc=0 serial_sha256=3c8d3c6cfa539379
H8-edge priority KVM run 018 capture_rc=0 compare_rc=0 serial_sha256=3c8d3c6cfa539379
H8-edge priority KVM run 019 capture_rc=0 compare_rc=0 serial_sha256=3c8d3c6cfa539379
H8-edge priority KVM run 020 capture_rc=0 compare_rc=0 serial_sha256=3c8d3c6cfa539379
--- priority run-001 serial
[gicv2-lab] H8b begin
GuestCurrentEL=0x0000000000000001
GuestDAIF=0x00000000000003c0
GuestSCTLR_MCI=0x0000000000000000
GICD_TYPER=0x0000000000000001
GuestGICC_CTLR=0x0000000000000001
GuestGICC_PMR=0x00000000000000f8
GuestGICC_BPR=0x0000000000000002
GuestIAR_initial=0x00000000000003ff
GuestRPR_initial=0x00000000000000ff
GuestPending_initial=0x0000000000000000
GuestActive_initial=0x0000000000000000
[gicv2-lab] H8b interface ready
GuestPMR_masked=0x0000000000000080
GuestPending_masked=0x0000000000000400
GuestIAR_masked=0x00000000000003ff
GuestRPR_masked=0x00000000000000ff
GuestActive_masked=0x0000000000000000
[gicv2-lab] H8b priority masked
GuestIAR_low=0x000000000000002a
GuestRPR_low=0x0000000000000080
GuestActive_low=0x0000000000000400
[gicv2-lab] H8b low active
GuestPending_high=0x0000000000000800
GuestIAR_high=0x000000000000002b
GuestRPR_both=0x0000000000000020
GuestActive_both=0x0000000000000c00
[gicv2-lab] H8b both active
GuestRPR_after_high_eoi=0x0000000000000080
GuestActive_after_high_eoi=0x0000000000000400
[gicv2-lab] H8b high completed
[gicv2-lab] H8b low completed
GuestRPR_final=0x00000000000000ff
GuestActive_final=0x0000000000000000
GuestPending_final=0x0000000000000000
GuestHPPIR_final=0x00000000000003ff
GuestIAR_final=0x00000000000003ff
[gicv2-lab] H8b PASS
H8-edge redelivery KVM run 001 capture_rc=0 compare_rc=0 serial_sha256=cd6d688022805a13
H8-edge redelivery KVM run 002 capture_rc=0 compare_rc=0 serial_sha256=cd6d688022805a13
H8-edge redelivery KVM run 003 capture_rc=0 compare_rc=0 serial_sha256=cd6d688022805a13
H8-edge redelivery KVM run 004 capture_rc=0 compare_rc=0 serial_sha256=cd6d688022805a13
H8-edge redelivery KVM run 005 capture_rc=0 compare_rc=0 serial_sha256=cd6d688022805a13
H8-edge redelivery KVM run 006 capture_rc=0 compare_rc=0 serial_sha256=cd6d688022805a13
H8-edge redelivery KVM run 007 capture_rc=0 compare_rc=0 serial_sha256=cd6d688022805a13
H8-edge redelivery KVM run 008 capture_rc=0 compare_rc=0 serial_sha256=cd6d688022805a13
H8-edge redelivery KVM run 009 capture_rc=0 compare_rc=0 serial_sha256=cd6d688022805a13
H8-edge redelivery KVM run 010 capture_rc=0 compare_rc=0 serial_sha256=cd6d688022805a13
H8-edge redelivery KVM run 011 capture_rc=0 compare_rc=0 serial_sha256=cd6d688022805a13
H8-edge redelivery KVM run 012 capture_rc=0 compare_rc=0 serial_sha256=cd6d688022805a13
H8-edge redelivery KVM run 013 capture_rc=0 compare_rc=0 serial_sha256=cd6d688022805a13
H8-edge redelivery KVM run 014 capture_rc=0 compare_rc=0 serial_sha256=cd6d688022805a13
H8-edge redelivery KVM run 015 capture_rc=0 compare_rc=0 serial_sha256=cd6d688022805a13
H8-edge redelivery KVM run 016 capture_rc=0 compare_rc=0 serial_sha256=cd6d688022805a13
H8-edge redelivery KVM run 017 capture_rc=0 compare_rc=0 serial_sha256=cd6d688022805a13
H8-edge redelivery KVM run 018 capture_rc=0 compare_rc=0 serial_sha256=cd6d688022805a13
H8-edge redelivery KVM run 019 capture_rc=0 compare_rc=0 serial_sha256=cd6d688022805a13
H8-edge redelivery KVM run 020 capture_rc=0 compare_rc=0 serial_sha256=cd6d688022805a13
--- redelivery run-001 serial
[gicv2-lab] H8c begin
GuestCurrentEL=0x0000000000000001
GuestDAIF=0x00000000000003c0
GuestSCTLR_MCI=0x0000000000000000
GICD_TYPER=0x0000000000000001
GuestGICC_CTLR=0x0000000000000201
GuestGICC_PMR=0x00000000000000f8
GuestGICC_BPR=0x0000000000000002
GuestIAR_initial=0x00000000000003ff
GuestRPR_initial=0x00000000000000ff
GuestPending_initial=0x0000000000000000
GuestActive_initial=0x0000000000000000
[gicv2-lab] H8c interface ready
GuestIAR_first=0x000000000000002a
GuestRPR_first=0x0000000000000040
GuestActive_first=0x0000000000000400
GuestPending_first=0x0000000000000000
[gicv2-lab] H8c first active
GuestPending_repend=0x0000000000000400
GuestActive_repend=0x0000000000000400
GuestHPPIR_repend=0x00000000000003ff
[gicv2-lab] H8c active and pending
GuestRPR_after_first_eoir=0x00000000000000ff
GuestActive_after_first_eoir=0x0000000000000400
GuestPending_after_first_eoir=0x0000000000000400
GuestIAR_before_first_dir=0x00000000000003ff
[gicv2-lab] H8c first priority dropped
GuestActive_after_first_dir=0x0000000000000000
GuestPending_after_first_dir=0x0000000000000400
GuestHPPIR_after_first_dir=0x000000000000002a
[gicv2-lab] H8c eligible again
GuestIAR_second=0x000000000000002a
GuestRPR_second=0x0000000000000040
GuestActive_second=0x0000000000000400
GuestPending_second=0x0000000000000000
[gicv2-lab] H8c second active
GuestRPR_after_second_eoir=0x00000000000000ff
GuestActive_after_second_eoir=0x0000000000000400
[gicv2-lab] H8c second deactivated
GuestRPR_final=0x00000000000000ff
GuestActive_final=0x0000000000000000
GuestPending_final=0x0000000000000000
GuestHPPIR_final=0x00000000000003ff
GuestIAR_final=0x00000000000003ff
[gicv2-lab] H8c PASS
43de86e5a6f620b9895e70b0bec786189c2faa6ff44b283f20e9696e03cde9e5  h8-edge-kvm-evidence.tar.xz
