
[gicv2-lab] H4i EL2 monitor
[gicv2-lab] watchdog armed for full reset
watchdog_ticks_armed=1048575
CurrentEL=2
MIDR_EL1=0x00000000410fd083
MPIDR_EL1=0x0000000080000000
CNTFRQ_EL0=0x000000000337f980
ID_AA64PFR0_EL1=0x0000000000000222
HCR_EL2=0x0000000000000000
VTCR_EL2=0x0000000000000000
VTTBR_EL2=0x0000000000000000
GICH_VTR=0x0000000090000003
GICH_LRS=4
GICH_PREBITS=5
GICH_PRIBITS=5
[gicv2-lab] deliberate BRK
[gicv2-lab] expected EL2 BRK
vector_slot=4
ESR_EL2=0x00000000f2000471
FAR_EL2=0x0000000000000000
HPFAR_EL2=0x0000000000000000
ELR_EL2=0x000000000008406c
SPSR_EL2=0x00000000600003c9
[gicv2-lab] H1 PASS
stage2_root=0x0000000000088000
stage2_guest_desc=0x00000000002007fd
stage2_gicv_desc=0x00400000ff8467c7
stage2_gicv_dir_desc=0x00400000ff8477c7
VTCR_EL2_enabled=0x0000000080003560
VTTBR_EL2_enabled=0x0000000000088000
HCR_EL2_enabled=0x0000000080000011
GICD_TYPER=0x0000000000000066
GICD_IIDR=0x000000000000043b
GICC_IIDR=0x000000000002043b
GICD_CTLR_enabled=0x0000000000000001
GICC_CTLR_enabled=0x0000000000000001
GICC_PMR_enabled=0x00000000000000ff
GICD_ISENABLER0_enabled=0x000000000000ffff
GICH_HCR_enabled=0x0000000000000001
GICH_VMCR_enabled=0x00000000f85c0201
GICH_MISR_initial=0x0000000000000000
GICH_EISR0_initial=0x0000000000000000
GICH_EISR1_initial=0x0000000000000000
GICH_ELRSR0_initial=0x000000000000000f
GICH_ELRSR1_initial=0x0000000000000000
GICH_APR_initial=0x0000000000000000
GICH_LR0_initial=0x0000000000000000
GICH_LR1_initial=0x0000000000000000
GICH_LR2_initial=0x0000000000000000
GICH_LR3_initial=0x0000000000000000
[gicv2-lab] entering EL1 guest
[gicv2-lab] EL1 guest report
GuestCurrentEL=1
[gicv2-lab] expected stage-2 translation fault
vector_slot=8
ESR_EL2=0x0000000093c38006
FAR_EL2=0x0000000000080000
HPFAR_EL2=0x0000000000000800
ELR_EL2=0x0000000000200034
SPSR_EL2=0x00000000000003c5
stage2_fsc=6
[gicv2-lab] EL1 guest resumed after stage-2 fault
[gicv2-lab] H2 PASS
[gicv2-lab] EL1 virtual interface ready
GuestGICV_CTLR=0x0000000000000201
GuestGICV_PMR=0x00000000000000f8
GuestGICV_BPR=0x0000000000000002
[gicv2-lab] low-priority virtual IRQ pending
GICH_HCR_low_pending=0x0000000000000001
GICH_VMCR_low_pending=0x00000000f85c0201
GICH_MISR_low_pending=0x0000000000000000
GICH_EISR0_low_pending=0x0000000000000000
GICH_EISR1_low_pending=0x0000000000000000
GICH_ELRSR0_low_pending=0x000000000000000e
GICH_ELRSR1_low_pending=0x0000000000000000
GICH_APR_low_pending=0x0000000000000000
GICH_LR0_low_pending=0x0000000018000032
GICH_LR1_low_pending=0x0000000000000000
GICH_LR2_low_pending=0x0000000000000000
GICH_LR3_low_pending=0x0000000000000000
[gicv2-lab] low-priority virtual IRQ active
GuestIAR_low_active=0x0000000000000032
GuestRPR_low_active=0x0000000000000080
GuestHPPIR_low_active=0x00000000000003ff
GuestIRQState_low_active=0x0003ff8000000032
GICH_HCR_low_active=0x0000000000000001
GICH_VMCR_low_active=0x00000000f85c0201
GICH_MISR_low_active=0x0000000000000000
GICH_EISR0_low_active=0x0000000000000000
GICH_EISR1_low_active=0x0000000000000000
GICH_ELRSR0_low_active=0x000000000000000e
GICH_ELRSR1_low_active=0x0000000000000000
GICH_APR_low_active=0x0000000000010000
GICH_LR0_low_active=0x0000000028000032
GICH_LR1_low_active=0x0000000000000000
GICH_LR2_low_active=0x0000000000000000
GICH_LR3_low_active=0x0000000000000000
[gicv2-lab] active-pending context saved
GICH_HCR_context_saved=0x0000000000000001
GICH_VMCR_context_saved=0x00000000f85c0201
GICH_MISR_context_saved=0x0000000000000000
GICH_EISR0_context_saved=0x0000000000000000
GICH_EISR1_context_saved=0x0000000000000000
GICH_ELRSR0_context_saved=0x000000000000000c
GICH_ELRSR1_context_saved=0x0000000000000000
GICH_APR_context_saved=0x0000000000010000
GICH_LR0_context_saved=0x0000000028000032
GICH_LR1_context_saved=0x0000000012000033
GICH_LR2_context_saved=0x0000000000000000
GICH_LR3_context_saved=0x0000000000000000
SavedContext_HCR_context_saved=0x0000000000000001
SavedContext_VMCR_context_saved=0x00000000f85c0201
SavedContext_APR_context_saved=0x0000000000010000
SavedContext_LR0_context_saved=0x0000000028000032
SavedContext_LR1_context_saved=0x0000000012000033
SavedContext_LR2_context_saved=0x0000000000000000
SavedContext_LR3_context_saved=0x0000000000000000
[gicv2-lab] virtual interface disabled first
GICH_HCR_context_disabled=0x0000000000000000
GICH_VMCR_context_disabled=0x00000000f85c0201
GICH_MISR_context_disabled=0x0000000000000000
GICH_EISR0_context_disabled=0x0000000000000000
GICH_EISR1_context_disabled=0x0000000000000000
GICH_ELRSR0_context_disabled=0x000000000000000c
GICH_ELRSR1_context_disabled=0x0000000000000000
GICH_APR_context_disabled=0x0000000000010000
GICH_LR0_context_disabled=0x0000000028000032
GICH_LR1_context_disabled=0x0000000012000033
GICH_LR2_context_disabled=0x0000000000000000
GICH_LR3_context_disabled=0x0000000000000000
[gicv2-lab] quiescent context installed
GICH_HCR_context_quiescent=0x0000000000000000
GICH_VMCR_context_quiescent=0x00000000004c0000
GICH_MISR_context_quiescent=0x0000000000000000
GICH_EISR0_context_quiescent=0x0000000000000000
GICH_EISR1_context_quiescent=0x0000000000000000
GICH_ELRSR0_context_quiescent=0x000000000000000f
GICH_ELRSR1_context_quiescent=0x0000000000000000
GICH_APR_context_quiescent=0x0000000000000000
GICH_LR0_context_quiescent=0x0000000000000000
GICH_LR1_context_quiescent=0x0000000000000000
GICH_LR2_context_quiescent=0x0000000000000000
GICH_LR3_context_quiescent=0x0000000000000000
[gicv2-lab] saved payload restored while disabled
GICH_HCR_context_restored_disabled=0x0000000000000000
GICH_VMCR_context_restored_disabled=0x00000000f85c0201
GICH_MISR_context_restored_disabled=0x0000000000000000
GICH_EISR0_context_restored_disabled=0x0000000000000000
GICH_EISR1_context_restored_disabled=0x0000000000000000
GICH_ELRSR0_context_restored_disabled=0x000000000000000c
GICH_ELRSR1_context_restored_disabled=0x0000000000000000
GICH_APR_context_restored_disabled=0x0000000000010000
GICH_LR0_context_restored_disabled=0x0000000028000032
GICH_LR1_context_restored_disabled=0x0000000012000033
GICH_LR2_context_restored_disabled=0x0000000000000000
GICH_LR3_context_restored_disabled=0x0000000000000000
[gicv2-lab] saved context restored with HCR last
GICH_HCR_context_restored=0x0000000000000001
GICH_VMCR_context_restored=0x00000000f85c0201
GICH_MISR_context_restored=0x0000000000000000
GICH_EISR0_context_restored=0x0000000000000000
GICH_EISR1_context_restored=0x0000000000000000
GICH_ELRSR0_context_restored=0x000000000000000c
GICH_ELRSR1_context_restored=0x0000000000000000
GICH_APR_context_restored=0x0000000000010000
GICH_LR0_context_restored=0x0000000028000032
GICH_LR1_context_restored=0x0000000012000033
GICH_LR2_context_restored=0x0000000000000000
GICH_LR3_context_restored=0x0000000000000000
[gicv2-lab] restored high-priority IRQ active
GuestIAR_high_active=0x0000000000000033
GuestRPR_high_active=0x0000000000000020
GuestHPPIR_high_active=0x00000000000003ff
GuestIRQState_high_active=0x0003ff2000000033
GICH_HCR_both_active=0x0000000000000001
GICH_VMCR_both_active=0x00000000f85c0201
GICH_MISR_both_active=0x0000000000000000
GICH_EISR0_both_active=0x0000000000000000
GICH_EISR1_both_active=0x0000000000000000
GICH_ELRSR0_both_active=0x000000000000000c
GICH_ELRSR1_both_active=0x0000000000000000
GICH_APR_both_active=0x0000000000010010
GICH_LR0_both_active=0x0000000028000032
GICH_LR1_both_active=0x0000000022000033
GICH_LR2_both_active=0x0000000000000000
GICH_LR3_both_active=0x0000000000000000
[gicv2-lab] high-priority IRQ priority dropped
GuestIAR_high_drop=0x0000000000000033
GuestRPR_high_drop=0x0000000000000080
GuestHPPIR_high_drop=0x00000000000003ff
GuestIRQState_high_drop=0x0003ff8000000033
GICH_HCR_high_drop=0x0000000000000001
GICH_VMCR_high_drop=0x00000000f85c0201
GICH_MISR_high_drop=0x0000000000000000
GICH_EISR0_high_drop=0x0000000000000000
GICH_EISR1_high_drop=0x0000000000000000
GICH_ELRSR0_high_drop=0x000000000000000c
GICH_ELRSR1_high_drop=0x0000000000000000
GICH_APR_high_drop=0x0000000000010000
GICH_LR0_high_drop=0x0000000028000032
GICH_LR1_high_drop=0x0000000022000033
GICH_LR2_high_drop=0x0000000000000000
GICH_LR3_high_drop=0x0000000000000000
[gicv2-lab] high-priority IRQ deactivated
GuestIAR_high_deactivated=0x0000000000000033
GuestRPR_high_deactivated=0x0000000000000080
GuestHPPIR_high_deactivated=0x00000000000003ff
GuestIRQState_high_deactivated=0x0003ff8000000033
GICH_HCR_high_deactivated=0x0000000000000001
GICH_VMCR_high_deactivated=0x00000000f85c0201
GICH_MISR_high_deactivated=0x0000000000000000
GICH_EISR0_high_deactivated=0x0000000000000000
GICH_EISR1_high_deactivated=0x0000000000000000
GICH_ELRSR0_high_deactivated=0x000000000000000e
GICH_ELRSR1_high_deactivated=0x0000000000000000
GICH_APR_high_deactivated=0x0000000000010000
GICH_LR0_high_deactivated=0x0000000028000032
GICH_LR1_high_deactivated=0x0000000002000033
GICH_LR2_high_deactivated=0x0000000000000000
GICH_LR3_high_deactivated=0x0000000000000000
[gicv2-lab] low-priority handler resumed
GuestIAR_low_resumed=0x0000000000000032
GuestRPR_low_resumed=0x0000000000000080
GuestHPPIR_low_resumed=0x00000000000003ff
GuestIRQState_low_resumed=0x0003ff8000000032
GICH_HCR_low_resumed=0x0000000000000001
GICH_VMCR_low_resumed=0x00000000f85c0201
GICH_MISR_low_resumed=0x0000000000000000
GICH_EISR0_low_resumed=0x0000000000000000
GICH_EISR1_low_resumed=0x0000000000000000
GICH_ELRSR0_low_resumed=0x000000000000000e
GICH_ELRSR1_low_resumed=0x0000000000000000
GICH_APR_low_resumed=0x0000000000010000
GICH_LR0_low_resumed=0x0000000028000032
GICH_LR1_low_resumed=0x0000000002000033
GICH_LR2_low_resumed=0x0000000000000000
GICH_LR3_low_resumed=0x0000000000000000
[gicv2-lab] low-priority IRQ priority dropped
GuestIAR_low_drop=0x0000000000000032
GuestRPR_low_drop=0x00000000000000ff
GuestHPPIR_low_drop=0x00000000000003ff
GuestIRQState_low_drop=0x0003ffff00000032
GICH_HCR_low_drop=0x0000000000000001
GICH_VMCR_low_drop=0x00000000f85c0201
GICH_MISR_low_drop=0x0000000000000000
GICH_EISR0_low_drop=0x0000000000000000
GICH_EISR1_low_drop=0x0000000000000000
GICH_ELRSR0_low_drop=0x000000000000000e
GICH_ELRSR1_low_drop=0x0000000000000000
GICH_APR_low_drop=0x0000000000000000
GICH_LR0_low_drop=0x0000000028000032
GICH_LR1_low_drop=0x0000000002000033
GICH_LR2_low_drop=0x0000000000000000
GICH_LR3_low_drop=0x0000000000000000
[gicv2-lab] low-priority IRQ deactivated
GuestIAR_low_deactivated=0x0000000000000032
GuestRPR_low_deactivated=0x00000000000000ff
GuestHPPIR_low_deactivated=0x00000000000003ff
GuestIRQState_low_deactivated=0x0003ffff00000032
GICH_HCR_all_deactivated=0x0000000000000001
GICH_VMCR_all_deactivated=0x00000000f85c0201
GICH_MISR_all_deactivated=0x0000000000000000
GICH_EISR0_all_deactivated=0x0000000000000000
GICH_EISR1_all_deactivated=0x0000000000000000
GICH_ELRSR0_all_deactivated=0x000000000000000f
GICH_ELRSR1_all_deactivated=0x0000000000000000
GICH_APR_all_deactivated=0x0000000000000000
GICH_LR0_all_deactivated=0x0000000008000032
GICH_LR1_all_deactivated=0x0000000002000033
GICH_LR2_all_deactivated=0x0000000000000000
GICH_LR3_all_deactivated=0x0000000000000000
[gicv2-lab] restored context LRs cleared
GICH_HCR_cleared=0x0000000000000001
GICH_VMCR_cleared=0x00000000f85c0201
GICH_MISR_cleared=0x0000000000000000
GICH_EISR0_cleared=0x0000000000000000
GICH_EISR1_cleared=0x0000000000000000
GICH_ELRSR0_cleared=0x000000000000000f
GICH_ELRSR1_cleared=0x0000000000000000
GICH_APR_cleared=0x0000000000000000
GICH_LR0_cleared=0x0000000000000000
GICH_LR1_cleared=0x0000000000000000
GICH_LR2_cleared=0x0000000000000000
GICH_LR3_cleared=0x0000000000000000
[gicv2-lab] H4i PASS
