73ae880ce8157d89559d49e759246d0ae2231d46f92f4c5067232b56e028142c  h8-kvm-evidence.tar.xz
-rw-rw-r-- 1 karl karl 9710984 Oct  3 15:24 h8-kvm-evidence.tar.xz
=== priority priority/run-004/serial.log (1 runs)
[gicv2-lab] H8b begin
GuestCurrentEL=0x0000000000000001
GuestDAIF=0x00000000000003c0
GuestSCTLR_MCI=0x0000000000000000
GICD_TYPER=0x0000000000000001
GuestGICC_CTLR=0x0000000000000001
GuestGICC_PMR=0x00000000000000f8
GuestGICC_BPR=0x0000000000000002
GuestIAR_initial=0x00000000000003ff
GuestRPR_initial=0x00000000000000ff
GuestPending_initial=0x0000000000000000
GuestActive_initial=0x0000000000000000
[gicv2-lab] H8b interface ready
GuestPMR_masked=0x0000000000000080
GuestPending_masked=0x0000000000000400
GuestIAR_masked=0x00000000000003ff
GuestRPR_masked=0x00000000000000ff
GuestActive_masked=0x0000000000000000
[gicv2-lab] H8b priority masked
GuestIAR_low=0x000000000000002a
GuestRPR_low=0x0000000000000080
GuestActive_low=0x0000000000000400
[gicv2-lab] H8b low active
GuestPending_high=0x0000000000000c00
[gicv2-lab] H8b FAIL: contract violati=== priority priority/run-001/serial.log (18 runs)
[gicv2-lab] H8b begin
GuestCurrentEL=0x0000000000000001
GuestDAIF=0x00000000000003c0
GuestSCTLR_MCI=0x0000000000000000
GICD_TYPER=0x0000000000000001
GuestGICC_CTLR=0x0000000000000001
GuestGICC_PMR=0x00000000000000f8
GuestGICC_BPR=0x0000000000000002
GuestIAR_initial=0x00000000000003ff
GuestRPR_initial=0x00000000000000ff
GuestPending_initial=0x0000000000000000
GuestActive_initial=0x0000000000000000
[gicv2-lab] H8b interface ready
GuestPMR_masked=0x0000000000000080
GuestPending_masked=0x0000000000000400
GuestIAR_masked=0x00000000000003ff
GuestRPR_masked=0x00000000000000ff
GuestActive_masked=0x0000000000000000
[gicv2-lab] H8b priority masked
GuestIAR_low=0x000000000000002a
GuestRPR_low=0x0000000000000080
GuestActive_low=0x0000000000000400
[gicv2-lab] H8b low active
GuestPending_high=0x0000000000000c00
[gicv2-lab] H8b FAIL: contract violation
=== priority priority/run-010/serial.log (1 runs)
[gicv2-lab] H8b begin
GuestCurrentEL=0x0000000000000001
GuestDAIF=0x00000000000003c0
GuestSCTLR_MCI=0x0000000000000000
GICD_TYPER=0x0000000000000001
GuestGICC_CTLR=0x0000000000000001
GuestGICC_PMR=0x00000000000000f8
GuestGICC_BPR=0x0000000000000002
GuestIAR_initial=0x00000000000003ff
GuestRPR_initial=0x00000000000000ff
GuestPending_initial=0x0000000000000000
GuestActive_initial=0x0000000000000000
[gicv2-lab] H8b interface ready
GuestPMR_masked=0x0000000000000080
GuestPending_masked=0x0000000000000400
GuestIAR_masked=0x00000000000003ff
GuestRPR_masked=0x00000000000000ff
GuestActive_masked=0x0000000000000000
[gicv2-lab] H8b priority masked
GuestIAR_low=0x000000000000002a
GuestRPR_low=0x0000000000000080
GuestActive_low=0x0000000000000400
[gicv2-lab] H8b low active
GuestPending_high=0x0000000000000c00
[gicv2-lab] H8b FAIL: cont=== redelivery redelivery/run-001/serial.log (20 runs)
[gicv2-lab] H8c begin
GuestCurrentEL=0x0000000000000001
GuestDAIF=0x00000000000003c0
GuestSCTLR_MCI=0x0000000000000000
GICD_TYPER=0x0000000000000001
GuestGICC_CTLR=0x0000000000000201
GuestGICC_PMR=0x00000000000000f8
GuestGICC_BPR=0x0000000000000002
GuestIAR_initial=0x00000000000003ff
GuestRPR_initial=0x00000000000000ff
GuestPending_initial=0x0000000000000000
GuestActive_initial=0x0000000000000000
[gicv2-lab] H8c interface ready
GuestIAR_first=0x000000000000002a
GuestRPR_first=0x0000000000000040
GuestActive_first=0x0000000000000400
GuestPending_first=0x0000000000000400
[gicv2-lab] H8c FAIL: contract violation
