4.0M	h7-existing-tests
4.8M	h7-kvm
Filesystem      Size  Used Avail Use% Mounted on
/dev/mmcblk0p2   15G   13G  616M  96% /
H7 KVM run 002 passed and matched QEMU
H7 KVM run 003 passed and matched QEMU
H7 KVM run 004 passed and matched QEMU
H7 KVM run 005 passed and matched QEMU
H7 KVM run 006 passed and matched QEMU
H7 KVM run 007 passed and matched QEMU
H7 KVM run 008 passed and matched QEMU
H7 KVM run 009 passed and matched QEMU
H7 KVM run 010 passed and matched QEMU
H7 KVM run 011 passed and matched QEMU
H7 KVM run 012 passed and matched QEMU
H7 KVM run 013 passed and matched QEMU
H7 KVM run 014 passed and matched QEMU
H7 KVM run 015 passed and matched QEMU
H7 KVM run 016 passed and matched QEMU
H7 KVM run 017 passed and matched QEMU
H7 KVM run 018 passed and matched QEMU
H7 KVM run 019 passed and matched QEMU
H7 KVM run 020 passed and matched QEMU
ce48f0d1e41870e664c527e5847cf00197d08f2e08306ed923f438a3b7541c52  h7-kvm-evidence.tar.gz
